Running Gradle task 'assembleDebug'...                          
flutter : 
At line:1 char:44
+ ...  $env:Path; flutter build apk --debug 2>&1 > build_output.txt; 
Get-Co ...
+                 ~~~~~~~~~~~~~~~~~~~~~~~~~~~~~~~~~~~~~~~~~~~~~~~~~
    + CategoryInfo          : NotSpecified: (:String) [], RemoteExcept 
   ion
    + FullyQualifiedErrorId : NativeCommandError
 
FAILURE: Build failed with an exception.

* What went wrong:
Execution failed for task ':app:checkDebugAarMetadata'.
> A failure occurred while executing 
com.android.build.gradle.internal.tasks.CheckAarMetadataWorkAction
   > An issue was found when checking AAR metadata:

       1.  Dependency ':flutter_local_notifications' requires core 
library desugaring to be enabled
           for :app.

           See 
https://developer.android.com/studio/write/java8-support.html for more
           details.

* Try:
> Run with --stacktrace option to get the stack trace.
> Run with --info or --debug option to get more log output.
> Run with --scan to get full insights.
> Get more help at https://help.gradle.org.

BUILD FAILED in 43s
Running Gradle task 'assembleDebug'...                             43.7s
Gradle task assembleDebug failed with exit code 1
